// Jest Snapshot v1, https://goo.gl/fbAQLP

exports[`Header component displays the header 1`] = `
<header>
  <nav>
    <Link
      to="/red"
    />
    <Link
      to="/blue"
    >
      Blue
    </Link>
    <Link
      to="/yellow"
    >
      Yellow
    </Link>
    <Link
      to="/:color"
    >
      Pick A Color
    </Link>
  </nav>
</header>
`;
